     1                                 %line 1+1 division.asm
     2                                 
     3                                 
     4                                 
     5                                 
     6                                 
     7                                 
     8                                 [section .data]
     9 00000000 00743BA40B000000        num1 dq 50000000000
    10 00000008 D5DC3200                num2 dd 3333333
    11 0000000C 0000                    quotient dw 0
    12 0000000E 0000                    remainder dw 0
    13                                 
    14                                 [section .text]
    15                                 [global _start]
    16                                 
    17                                 _start:
    18 00000000 8B1425[04000000]        mov edx, dword[num1+4]
    19 00000007 8B0425[00000000]        mov eax, dword[num1+0]
    20 0000000E F73425[00000000]        div dword[num2]
    21                                 
    22 00000015 890425[00000000]        mov dword[quotient], eax
    23 0000001C 891425[00000000]        mov dword[remainder], edx
    24                                 
    25 00000023 48C7C03C000000          mov rax, 60
    26 0000002A 48C7C700000000          mov rdi, 0
    27 00000031 0F05                    syscall
