     1                                 %line 1+1 quiz.asm
     2                                 
     3                                 
     4                                 
     5                                 
     6                                 
     7                                 
     8                                 
     9                                 
    10                                 
    11                                 
    12                                 [section .data]
    13 00000000 FA                      num1 db 250
    14 00000001 C8                      num2 db 200
    15 00000002 78                      num3 db 120
    16 00000003 0000                    sum dw 0
    17 00000005 00000000                product dd 0
    18                                 
    19                                 [section .text]
    20                                 [global _start]
    21                                 
    22                                 _start:
    23 00000000 B400                    mov ah, 0
    24 00000002 8A0425[00000000]        mov al, byte[num1]
    25 00000009 020425[00000000]        add al, byte[num2]
    26 00000010 80D400                  adc ah, 0
    27 00000013 66890425[00000000]      mov word[sum], ax
    28                                 
    29 0000001B 660FB60C25[00000000]      movzx cx, byte[num3]
    30 00000024 66F7E1                  mul cx
    31 00000027 66891425[02000000]      mov word[product+2], dx
    32 0000002F 66890425[00000000]      mov word[product+0], ax
    33                                 
    34 00000037 48C7C03C000000          mov rax, 60
    35 0000003E 48C7C700000000          mov rdi, 0
    36 00000045 0F05                    syscall
